<html>
<body>
<pre>
<h1>礦ision Build Log</h1>
<h2>Tool Versions:</h2>
IDE-Version: μVision V5.21.1.0
Copyright (C) 2016 ARM Ltd and ARM Germany GmbH. All rights reserved.
License Information: 111 SJXY, 111, LIC=Y2B1Q-N553M-BXUUY-ISPNI-BCKL4-N4JSG
 
Tool Versions:
Toolchain:       MDK-ARM Professional  Version: 5.21a
Toolchain Path:  C:\Keil_v5\ARM\ARMCC\Bin
C Compiler:      Armcc.exe V5.06 update 3 (build 300)
Assembler:       Armasm.exe V5.06 update 3 (build 300)
Linker/Locator:  ArmLink.exe V5.06 update 3 (build 300)
Library Manager: ArmAr.exe V5.06 update 3 (build 300)
Hex Converter:   FromElf.exe V5.06 update 3 (build 300)
CPU DLL:         SARMCM3.DLL V5.21a
Dialog DLL:      DCM.DLL V1.13.8.0
Target DLL:      STLink\ST-LINKIII-KEIL_SWO.dll V2.0.18.0
Dialog DLL:      TCM.DLL V1.14.14.0
 
<h2>Project:</h2>
C:\Users\SJXY\Desktop\chushijunmcSTM32_Study\stm32c8t6\STM32F103C8T6\EXTI外部按键中断\Project.uvprojx
Project File Date:  04/03/2025

<h2>Output:</h2>
*** Using Compiler 'V5.06 update 3 (build 300)', folder: 'C:\Keil_v5\ARM\ARMCC\Bin'
Build target 'Target 1'
compiling Encoder.c...
Hardware\Encoder.c(93): warning:  #223-D: function "Delay_ms" declared implicitly
  			Delay_ms(100);
Hardware\Encoder.c(114): warning:  #223-D: function "Delay_ms" declared implicitly
  				Delay_ms(100);
Hardware\Encoder.c: 2 warnings, 0 errors
linking...
Program Size: Code=3204 RO-data=1788 RW-data=8 ZI-data=1632  
".\Objects\Project.axf" - 0 Error(s), 2 Warning(s).

<h2>Collection of Component include folders:</h2>
  C:\Users\SJXY\Desktop\chushijunmcSTM32_Study\stm32c8t6\STM32F103C8T6\EXTI外部按键中断\RTE
  C:\Keil_v5\ARM\PACK\Keil\STM32F1xx_DFP\2.2.0\Device\Include

<h2>Collection of Component Files used:</h2>
Build Time Elapsed:  00:00:01
</pre>
</body>
</html>
